[debug] [2025-02-16T16:39:16.402Z] ----------------------------------------------------------------------
[debug] [2025-02-16T16:39:16.405Z] Command:       C:\Program Files\nodejs\node.exe C:\Users\hello\AppData\Roaming\npm\node_modules\firebase-tools\lib\bin\firebase.js init
[debug] [2025-02-16T16:39:16.405Z] CLI Version:   13.30.0
[debug] [2025-02-16T16:39:16.406Z] Platform:      win32
[debug] [2025-02-16T16:39:16.406Z] Node Version:  v22.13.1
[debug] [2025-02-16T16:39:16.406Z] Time:          Sun Feb 16 2025 22:09:16 GMT+0530 (India Standard Time)
[debug] [2025-02-16T16:39:16.406Z] ----------------------------------------------------------------------
[debug] 
[debug] [2025-02-16T16:39:16.410Z] >>> [apiv2][query] GET https://firebase-public.firebaseio.com/cli.json [none]
[debug] [2025-02-16T16:39:16.755Z] > command requires scopes: ["email","openid","https://www.googleapis.com/auth/cloudplatformprojects.readonly","https://www.googleapis.com/auth/firebase","https://www.googleapis.com/auth/cloud-platform"]
[debug] [2025-02-16T16:39:16.755Z] > authorizing via signed-in user (samkhan9991303458@gmail.com)
[info] 
     ######## #### ########  ######## ########     ###     ######  ########
     ##        ##  ##     ## ##       ##     ##  ##   ##  ##       ##
     ######    ##  ########  ######   ########  #########  ######  ######
     ##        ##  ##    ##  ##       ##     ## ##     ##       ## ##
     ##       #### ##     ## ######## ########  ##     ##  ######  ########

You're about to initialize a Firebase project in this directory:

  D:\Sameer\React Project\netflix-clone

Before we get started, keep in mind:

  * You are initializing within an existing Firebase project directory

[debug] [2025-02-16T16:39:16.777Z] *** [apiv2] error from fetch(https://firebase-public.firebaseio.com/cli.json, {"headers":{},"method":"GET"}): FetchError: request to https://firebase-public.firebaseio.com/cli.json failed, reason: getaddrinfo ENOTFOUND firebase-public.firebaseio.com
[warn] !  Unable to fetch the CLI MOTD and remote config. This is not a fatal error, but may indicate an issue with your network connection. 
[debug] [2025-02-16T16:39:16.778Z] Failed to fetch MOTD FirebaseError: Failed to make request to https://firebase-public.firebaseio.com/cli.json
[info] 
=== Project Setup
[info] 
[info] First, let's associate this project directory with a Firebase project.
[info] You can create multiple project aliases by running firebase use --add, 
[info] but for now we'll just set up a default project.
[info] 
[debug] [2025-02-16T16:39:24.400Z] Using project from CLI flag: netflix-clone-b3b38
[debug] [2025-02-16T16:39:24.401Z] Checked if tokens are valid: false, expires at: 1739384095640
[debug] [2025-02-16T16:39:24.402Z] Checked if tokens are valid: false, expires at: 1739384095640
[debug] [2025-02-16T16:39:24.402Z] > refreshing access token with scopes: []
[debug] [2025-02-16T16:39:24.404Z] >>> [apiv2][query] POST https://www.googleapis.com/oauth2/v3/token [none]
[debug] [2025-02-16T16:39:24.404Z] >>> [apiv2][body] POST https://www.googleapis.com/oauth2/v3/token [omitted]
[debug] [2025-02-16T16:39:24.409Z] *** [apiv2] error from fetch(https://www.googleapis.com/oauth2/v3/token, {"headers":{},"method":"POST","body":{"_overheadLength":545,"_valueLength":212,"_valuesToMeasure":[],"writable":false,"readable":true,"dataSize":0,"maxDataSize":2097152,"pauseStreams":true,"_released":true,"_streams":[],"_currentStream":null,"_insideLoop":false,"_pendingNext":false,"_boundary":"--------------------------686386659817502525337437","_events":{},"_eventsCount":1}}): FetchError: request to https://www.googleapis.com/oauth2/v3/token failed, reason: getaddrinfo ENOTFOUND www.googleapis.com
[error] Authentication Error: Your credentials are no longer valid. Please run firebase login --reauth

For CI servers and headless environments, generate a new token with firebase login:ci
[debug] [2025-02-16T16:39:24.410Z] Authentication Error: Your credentials are no longer valid. Please run firebase login --reauth

For CI servers and headless environments, generate a new token with firebase login:ci
[debug] [2025-02-16T16:39:24.415Z] FirebaseError: Authentication Error: Your credentials are no longer valid. Please run firebase login --reauth

For CI servers and headless environments, generate a new token with firebase login:ci
    at invalidCredentialError (C:\Users\hello\AppData\Roaming\npm\node_modules\firebase-tools\lib\auth.js:147:12)
    at refreshTokens (C:\Users\hello\AppData\Roaming\npm\node_modules\firebase-tools\lib\auth.js:539:15)
    at process.processTicksAndRejections (node:internal/process/task_queues:105:5)
    at async getAccessToken (C:\Users\hello\AppData\Roaming\npm\node_modules\firebase-tools\lib\apiv2.js:42:18)
    at async Client.addAuthHeader (C:\Users\hello\AppData\Roaming\npm\node_modules\firebase-tools\lib\apiv2.js:169:21)
    at async Client.request (C:\Users\hello\AppData\Roaming\npm\node_modules\firebase-tools\lib\apiv2.js:120:34)
    at async getFirebaseProject (C:\Users\hello\AppData\Roaming\npm\node_modules\firebase-tools\lib\management\projects.js:322:21)
    at async doSetup (C:\Users\hello\AppData\Roaming\npm\node_modules\firebase-tools\lib\init\features\project.js:86:27)
    at async init (C:\Users\hello\AppData\Roaming\npm\node_modules\firebase-tools\lib\init\index.js:41:9)
[error] 
[error] Error: Failed to get Firebase project netflix-clone-b3b38. Please make sure the project exists and your account has permission to access it.
